------------------------------------------------------------
TimeQuest Timing Analyzer Summary
------------------------------------------------------------

Type  : Slow 1100mV 85C Model Setup 'Clk'
Slack : -19.869
TNS   : -28066.090

Type  : Slow 1100mV 85C Model Hold 'Clk'
Slack : 0.224
TNS   : 0.000

Type  : Slow 1100mV 85C Model Minimum Pulse Width 'Clk'
Slack : -2.174
TNS   : -2587.159

Type  : Slow 1100mV 0C Model Setup 'Clk'
Slack : -19.392
TNS   : -27329.401

Type  : Slow 1100mV 0C Model Hold 'Clk'
Slack : 0.215
TNS   : 0.000

Type  : Slow 1100mV 0C Model Minimum Pulse Width 'Clk'
Slack : -2.174
TNS   : -2665.631

Type  : Fast 1100mV 85C Model Setup 'Clk'
Slack : -11.564
TNS   : -16122.539

Type  : Fast 1100mV 85C Model Hold 'Clk'
Slack : 0.132
TNS   : 0.000

Type  : Fast 1100mV 85C Model Minimum Pulse Width 'Clk'
Slack : -2.174
TNS   : -1719.358

Type  : Fast 1100mV 0C Model Setup 'Clk'
Slack : -10.322
TNS   : -14274.941

Type  : Fast 1100mV 0C Model Hold 'Clk'
Slack : 0.121
TNS   : 0.000

Type  : Fast 1100mV 0C Model Minimum Pulse Width 'Clk'
Slack : -2.174
TNS   : -1720.261

------------------------------------------------------------
