------------------------------------------------------------
TimeQuest Timing Analyzer Summary
------------------------------------------------------------

Type  : Slow 1100mV 85C Model Setup 'Clk'
Slack : -19.912
TNS   : -29341.302

Type  : Slow 1100mV 85C Model Hold 'Clk'
Slack : 0.315
TNS   : 0.000

Type  : Slow 1100mV 85C Model Minimum Pulse Width 'Clk'
Slack : -2.174
TNS   : -2586.564

Type  : Slow 1100mV 0C Model Setup 'Clk'
Slack : -19.441
TNS   : -28540.410

Type  : Slow 1100mV 0C Model Hold 'Clk'
Slack : 0.297
TNS   : 0.000

Type  : Slow 1100mV 0C Model Minimum Pulse Width 'Clk'
Slack : -2.174
TNS   : -2666.168

Type  : Fast 1100mV 85C Model Setup 'Clk'
Slack : -11.734
TNS   : -17314.994

Type  : Fast 1100mV 85C Model Hold 'Clk'
Slack : 0.180
TNS   : 0.000

Type  : Fast 1100mV 85C Model Minimum Pulse Width 'Clk'
Slack : -2.174
TNS   : -1722.265

Type  : Fast 1100mV 0C Model Setup 'Clk'
Slack : -10.454
TNS   : -15262.826

Type  : Fast 1100mV 0C Model Hold 'Clk'
Slack : 0.169
TNS   : 0.000

Type  : Fast 1100mV 0C Model Minimum Pulse Width 'Clk'
Slack : -2.174
TNS   : -1723.304

------------------------------------------------------------
