Flow report for ProcessorRV
Mon Jun 22 18:50:29 2020
Quartus Prime Version 15.1.0 Build 185 10/21/2015 SJ Lite Edition


---------------------
; Table of Contents ;
---------------------
  1. Legal Notice
  2. Flow Summary
  3. Flow Settings
  4. Flow Non-Default Global Settings
  5. Flow Elapsed Time
  6. Flow OS Summary
  7. Flow Log
  8. Flow Messages
  9. Flow Suppressed Messages



----------------
; Legal Notice ;
----------------
Copyright (C) 1991-2015 Altera Corporation. All rights reserved.
Your use of Altera Corporation's design tools, logic functions 
and other software and tools, and its AMPP partner logic 
functions, and any output files from any of the foregoing 
(including device programming or simulation files), and any 
associated documentation or information are expressly subject 
to the terms and conditions of the Altera Program License 
Subscription Agreement, the Altera Quartus Prime License Agreement,
the Altera MegaCore Function License Agreement, or other 
applicable license agreement, including, without limitation, 
that your use is for the sole purpose of programming logic 
devices manufactured by Altera and sold by Altera or its 
authorized distributors.  Please refer to the applicable 
agreement for further details.



+-------------------------------------------------------------------------------+
; Flow Summary                                                                  ;
+---------------------------------+---------------------------------------------+
; Flow Status                     ; Successful - Mon Jun 22 18:50:29 2020       ;
; Quartus Prime Version           ; 15.1.0 Build 185 10/21/2015 SJ Lite Edition ;
; Revision Name                   ; ProcessorRV                                 ;
; Top-level Entity Name           ; Multiplier32Bits                            ;
; Family                          ; Cyclone V                                   ;
; Device                          ; 5CGXFC9E7F35C8                              ;
; Timing Models                   ; Final                                       ;
; Logic utilization (in ALMs)     ; 381 / 113,560 ( < 1 % )                     ;
; Total registers                 ; 0                                           ;
; Total pins                      ; 96 / 616 ( 16 % )                           ;
; Total virtual pins              ; 0                                           ;
; Total block memory bits         ; 0 / 12,492,800 ( 0 % )                      ;
; Total DSP Blocks                ; 0 / 342 ( 0 % )                             ;
; Total HSSI RX PCSs              ; 0 / 12 ( 0 % )                              ;
; Total HSSI PMA RX Deserializers ; 0 / 12 ( 0 % )                              ;
; Total HSSI TX PCSs              ; 0 / 12 ( 0 % )                              ;
; Total HSSI PMA TX Serializers   ; 0 / 12 ( 0 % )                              ;
; Total PLLs                      ; 0 / 20 ( 0 % )                              ;
; Total DLLs                      ; 0 / 4 ( 0 % )                               ;
+---------------------------------+---------------------------------------------+


+-----------------------------------------+
; Flow Settings                           ;
+-------------------+---------------------+
; Option            ; Setting             ;
+-------------------+---------------------+
; Start date & time ; 06/22/2020 16:55:14 ;
; Main task         ; Compilation         ;
; Revision Name     ; ProcessorRV         ;
+-------------------+---------------------+


+---------------------------------------------------------------------------------------------------------------------------------+
; Flow Non-Default Global Settings                                                                                                ;
+-------------------------------------+---------------------------------------+---------------+------------------+----------------+
; Assignment Name                     ; Value                                 ; Default Value ; Entity Name      ; Section Id     ;
+-------------------------------------+---------------------------------------+---------------+------------------+----------------+
; COMPILER_SIGNATURE_ID               ; 18431773495348.159286291407388        ; --            ; --               ; --             ;
; EDA_OUTPUT_DATA_FORMAT              ; Vhdl                                  ; --            ; --               ; eda_simulation ;
; EDA_SIMULATION_TOOL                 ; ModelSim-Altera (VHDL)                ; <None>        ; --               ; --             ;
; MAX_CORE_JUNCTION_TEMP              ; 85                                    ; --            ; --               ; --             ;
; MIN_CORE_JUNCTION_TEMP              ; 0                                     ; --            ; --               ; --             ;
; PARTITION_COLOR                     ; 16764057                              ; --            ; Multiplier32Bits ; Top            ;
; PARTITION_FITTER_PRESERVATION_LEVEL ; PLACEMENT_AND_ROUTING                 ; --            ; Multiplier32Bits ; Top            ;
; PARTITION_NETLIST_TYPE              ; SOURCE                                ; --            ; Multiplier32Bits ; Top            ;
; POWER_BOARD_THERMAL_MODEL           ; None (CONSERVATIVE)                   ; --            ; --               ; --             ;
; POWER_PRESET_COOLING_SOLUTION       ; 23 MM HEAT SINK WITH 200 LFPM AIRFLOW ; --            ; --               ; --             ;
; PROJECT_OUTPUT_DIRECTORY            ; output_files                          ; --            ; --               ; --             ;
; TOP_LEVEL_ENTITY                    ; Multiplier32Bits                      ; ProcessorRV   ; --               ; --             ;
+-------------------------------------+---------------------------------------+---------------+------------------+----------------+


+-------------------------------------------------------------------------------------------------------------------------------+
; Flow Elapsed Time                                                                                                             ;
+---------------------------+--------------+-------------------------+---------------------+------------------------------------+
; Module Name               ; Elapsed Time ; Average Processors Used ; Peak Virtual Memory ; Total CPU Time (on all processors) ;
+---------------------------+--------------+-------------------------+---------------------+------------------------------------+
; Analysis & Synthesis      ; 00:00:29     ; 1.0                     ; 5036 MB             ; 00:00:51                           ;
; Fitter                    ; 00:02:38     ; 1.0                     ; 6582 MB             ; 00:03:35                           ;
; Assembler                 ; 00:00:37     ; 1.0                     ; 5013 MB             ; 00:00:34                           ;
; TimeQuest Timing Analyzer ; 00:00:15     ; 1.0                     ; 5413 MB             ; 00:00:14                           ;
; EDA Netlist Writer        ; 00:00:03     ; 1.0                     ; 4928 MB             ; 00:00:03                           ;
; EDA Netlist Writer        ; 00:00:01     ; 1.0                     ; 4898 MB             ; 00:00:02                           ;
; EDA Netlist Writer        ; 00:00:03     ; 1.0                     ; 4933 MB             ; 00:00:02                           ;
; EDA Netlist Writer        ; 00:00:01     ; 1.0                     ; 4899 MB             ; 00:00:01                           ;
; EDA Netlist Writer        ; 00:00:02     ; 1.0                     ; 4934 MB             ; 00:00:02                           ;
; EDA Netlist Writer        ; 00:00:02     ; 1.0                     ; 4899 MB             ; 00:00:02                           ;
; EDA Netlist Writer        ; 00:00:02     ; 1.0                     ; 4933 MB             ; 00:00:02                           ;
; EDA Netlist Writer        ; 00:00:01     ; 1.0                     ; 4899 MB             ; 00:00:02                           ;
; EDA Netlist Writer        ; 00:00:01     ; 1.0                     ; 4933 MB             ; 00:00:02                           ;
; Total                     ; 00:04:15     ; --                      ; --                  ; 00:05:32                           ;
+---------------------------+--------------+-------------------------+---------------------+------------------------------------+


+----------------------------------------------------------------------------------------+
; Flow OS Summary                                                                        ;
+---------------------------+------------------+-----------+------------+----------------+
; Module Name               ; Machine Hostname ; OS Name   ; OS Version ; Processor type ;
+---------------------------+------------------+-----------+------------+----------------+
; Analysis & Synthesis      ; usuario-PC       ; Windows 8 ; 6.2        ; x86_64         ;
; Fitter                    ; usuario-PC       ; Windows 8 ; 6.2        ; x86_64         ;
; Assembler                 ; usuario-PC       ; Windows 8 ; 6.2        ; x86_64         ;
; TimeQuest Timing Analyzer ; usuario-PC       ; Windows 8 ; 6.2        ; x86_64         ;
; EDA Netlist Writer        ; usuario-PC       ; Windows 8 ; 6.2        ; x86_64         ;
; EDA Netlist Writer        ; usuario-PC       ; Windows 8 ; 6.2        ; x86_64         ;
; EDA Netlist Writer        ; usuario-PC       ; Windows 8 ; 6.2        ; x86_64         ;
; EDA Netlist Writer        ; usuario-PC       ; Windows 8 ; 6.2        ; x86_64         ;
; EDA Netlist Writer        ; usuario-PC       ; Windows 8 ; 6.2        ; x86_64         ;
; EDA Netlist Writer        ; usuario-PC       ; Windows 8 ; 6.2        ; x86_64         ;
; EDA Netlist Writer        ; usuario-PC       ; Windows 8 ; 6.2        ; x86_64         ;
; EDA Netlist Writer        ; usuario-PC       ; Windows 8 ; 6.2        ; x86_64         ;
; EDA Netlist Writer        ; usuario-PC       ; Windows 8 ; 6.2        ; x86_64         ;
+---------------------------+------------------+-----------+------------+----------------+


------------
; Flow Log ;
------------
quartus_map --read_settings_files=on --write_settings_files=off ProcessorRV -c ProcessorRV
quartus_fit --read_settings_files=off --write_settings_files=off ProcessorRV -c ProcessorRV
quartus_asm --read_settings_files=off --write_settings_files=off ProcessorRV -c ProcessorRV
quartus_sta ProcessorRV -c ProcessorRV
quartus_eda --read_settings_files=off --write_settings_files=off ProcessorRV -c ProcessorRV
quartus_eda --gen_testbench --tool=modelsim_oem --format=verilog --write_settings_files=off ProcessorRV -c ProcessorRV --vector_source="C:/Users/usuario/Documents/GitHub/RISC-V-Processor-AHPL/Invenio RV/Simulaciones/Multiplier32BitsSim.vwf" --testbench_file="C:/Users/usuario/Documents/GitHub/RISC-V-Processor-AHPL/Invenio RV/simulation/qsim/Multiplier32BitsSim.vwf.vt"
quartus_eda --write_settings_files=off --functional=off --flatten_buses=off --timescale=1ps --simulation=on --tool=modelsim_oem --format=verilog --output_directory="C:/Users/usuario/Documents/GitHub/RISC-V-Processor-AHPL/Invenio RV/simulation/qsim/" ProcessorRV -c ProcessorRV
quartus_eda --gen_testbench --tool=modelsim_oem --format=verilog --write_settings_files=off ProcessorRV -c ProcessorRV --vector_source="C:/Users/usuario/Documents/GitHub/RISC-V-Processor-AHPL/Invenio RV/Simulaciones/Multiplier32BitsSim.vwf" --testbench_file="C:/Users/usuario/Documents/GitHub/RISC-V-Processor-AHPL/Invenio RV/simulation/qsim/Multiplier32BitsSim.vwf.vt"
quartus_eda --write_settings_files=off --functional=off --flatten_buses=off --timescale=1ps --simulation=on --tool=modelsim_oem --format=verilog --output_directory="C:/Users/usuario/Documents/GitHub/RISC-V-Processor-AHPL/Invenio RV/simulation/qsim/" ProcessorRV -c ProcessorRV
quartus_eda --gen_testbench --tool=modelsim_oem --format=verilog --write_settings_files=off ProcessorRV -c ProcessorRV --vector_source="C:/Users/usuario/Documents/GitHub/RISC-V-Processor-AHPL/Invenio RV/Simulaciones/Multiplier32BitsSim.vwf" --testbench_file="C:/Users/usuario/Documents/GitHub/RISC-V-Processor-AHPL/Invenio RV/simulation/qsim/Multiplier32BitsSim.vwf.vt"
quartus_eda --write_settings_files=off --functional=off --flatten_buses=off --timescale=1ps --simulation=on --tool=modelsim_oem --format=verilog --output_directory="C:/Users/usuario/Documents/GitHub/RISC-V-Processor-AHPL/Invenio RV/simulation/qsim/" ProcessorRV -c ProcessorRV
quartus_eda --gen_testbench --tool=modelsim_oem --format=verilog --write_settings_files=off ProcessorRV -c ProcessorRV --vector_source="C:/Users/usuario/Documents/GitHub/RISC-V-Processor-AHPL/Invenio RV/Simulaciones/Multiplier32BitsSim.vwf" --testbench_file="C:/Users/usuario/Documents/GitHub/RISC-V-Processor-AHPL/Invenio RV/simulation/qsim/Multiplier32BitsSim.vwf.vt"
quartus_eda --write_settings_files=off --functional=off --flatten_buses=off --timescale=1ps --simulation=on --tool=modelsim_oem --format=verilog --output_directory="C:/Users/usuario/Documents/GitHub/RISC-V-Processor-AHPL/Invenio RV/simulation/qsim/" ProcessorRV -c ProcessorRV



