------------------------------------------------------------
TimeQuest Timing Analyzer Summary
------------------------------------------------------------

Type  : Slow 1100mV 85C Model Setup 'Control_ALU[17]'
Slack : -14.322
TNS   : -408.703

Type  : Slow 1100mV 85C Model Setup 'Control_ALU[16]'
Slack : -13.966
TNS   : -609.187

Type  : Slow 1100mV 85C Model Setup 'Control_ALU[15]'
Slack : -13.939
TNS   : -396.447

Type  : Slow 1100mV 85C Model Setup 'Control_ALU[10]'
Slack : -12.450
TNS   : -899.941

Type  : Slow 1100mV 85C Model Setup 'Control_ALU[0]'
Slack : -11.368
TNS   : -621.305

Type  : Slow 1100mV 85C Model Setup 'Control_ALU[12]'
Slack : -11.358
TNS   : -802.215

Type  : Slow 1100mV 85C Model Setup 'Control_ALU[27]'
Slack : -6.877
TNS   : -353.168

Type  : Slow 1100mV 85C Model Setup 'Reloj'
Slack : -3.179
TNS   : -251.539

Type  : Slow 1100mV 85C Model Hold 'Control_ALU[15]'
Slack : -1.810
TNS   : -1.986

Type  : Slow 1100mV 85C Model Hold 'Control_ALU[16]'
Slack : -1.732
TNS   : -1.830

Type  : Slow 1100mV 85C Model Hold 'Control_ALU[17]'
Slack : -1.335
TNS   : -1.335

Type  : Slow 1100mV 85C Model Hold 'Control_ALU[27]'
Slack : -0.848
TNS   : -0.869

Type  : Slow 1100mV 85C Model Hold 'Reloj'
Slack : 0.435
TNS   : 0.000

Type  : Slow 1100mV 85C Model Hold 'Control_ALU[12]'
Slack : 0.668
TNS   : 0.000

Type  : Slow 1100mV 85C Model Hold 'Control_ALU[10]'
Slack : 1.273
TNS   : 0.000

Type  : Slow 1100mV 85C Model Hold 'Control_ALU[0]'
Slack : 3.287
TNS   : 0.000

Type  : Slow 1100mV 85C Model Minimum Pulse Width 'Reloj'
Slack : -0.724
TNS   : -107.780

Type  : Slow 1100mV 85C Model Minimum Pulse Width 'Control_ALU[27]'
Slack : -0.494
TNS   : -16.684

Type  : Slow 1100mV 85C Model Minimum Pulse Width 'Control_ALU[15]'
Slack : -0.395
TNS   : -4.815

Type  : Slow 1100mV 85C Model Minimum Pulse Width 'Control_ALU[17]'
Slack : -0.336
TNS   : -4.525

Type  : Slow 1100mV 85C Model Minimum Pulse Width 'Control_ALU[0]'
Slack : -0.274
TNS   : -4.328

Type  : Slow 1100mV 85C Model Minimum Pulse Width 'Control_ALU[16]'
Slack : -0.249
TNS   : -5.420

Type  : Slow 1100mV 85C Model Minimum Pulse Width 'Control_ALU[36]'
Slack : -0.043
TNS   : -0.105

Type  : Slow 1100mV 85C Model Minimum Pulse Width 'Control_ALU[10]'
Slack : 0.095
TNS   : 0.000

Type  : Slow 1100mV 85C Model Minimum Pulse Width 'Control_ALU[12]'
Slack : 0.103
TNS   : 0.000

Type  : Slow 1100mV 0C Model Setup 'Control_ALU[17]'
Slack : -13.880
TNS   : -398.285

Type  : Slow 1100mV 0C Model Setup 'Control_ALU[16]'
Slack : -13.527
TNS   : -595.241

Type  : Slow 1100mV 0C Model Setup 'Control_ALU[15]'
Slack : -13.497
TNS   : -386.029

Type  : Slow 1100mV 0C Model Setup 'Control_ALU[10]'
Slack : -12.117
TNS   : -866.152

Type  : Slow 1100mV 0C Model Setup 'Control_ALU[12]'
Slack : -10.904
TNS   : -771.490

Type  : Slow 1100mV 0C Model Setup 'Control_ALU[0]'
Slack : -10.861
TNS   : -595.689

Type  : Slow 1100mV 0C Model Setup 'Control_ALU[27]'
Slack : -6.596
TNS   : -350.402

Type  : Slow 1100mV 0C Model Setup 'Reloj'
Slack : -3.000
TNS   : -226.281

Type  : Slow 1100mV 0C Model Hold 'Control_ALU[15]'
Slack : -1.756
TNS   : -2.196

Type  : Slow 1100mV 0C Model Hold 'Control_ALU[16]'
Slack : -1.675
TNS   : -1.953

Type  : Slow 1100mV 0C Model Hold 'Control_ALU[17]'
Slack : -1.278
TNS   : -1.278

Type  : Slow 1100mV 0C Model Hold 'Control_ALU[27]'
Slack : -0.960
TNS   : -1.179

Type  : Slow 1100mV 0C Model Hold 'Reloj'
Slack : 0.219
TNS   : 0.000

Type  : Slow 1100mV 0C Model Hold 'Control_ALU[12]'
Slack : 0.550
TNS   : 0.000

Type  : Slow 1100mV 0C Model Hold 'Control_ALU[10]'
Slack : 1.148
TNS   : 0.000

Type  : Slow 1100mV 0C Model Hold 'Control_ALU[0]'
Slack : 2.819
TNS   : 0.000

Type  : Slow 1100mV 0C Model Minimum Pulse Width 'Reloj'
Slack : -0.724
TNS   : -111.094

Type  : Slow 1100mV 0C Model Minimum Pulse Width 'Control_ALU[27]'
Slack : -0.608
TNS   : -34.620

Type  : Slow 1100mV 0C Model Minimum Pulse Width 'Control_ALU[15]'
Slack : -0.521
TNS   : -14.797

Type  : Slow 1100mV 0C Model Minimum Pulse Width 'Control_ALU[17]'
Slack : -0.421
TNS   : -12.273

Type  : Slow 1100mV 0C Model Minimum Pulse Width 'Control_ALU[16]'
Slack : -0.377
TNS   : -13.377

Type  : Slow 1100mV 0C Model Minimum Pulse Width 'Control_ALU[0]'
Slack : -0.235
TNS   : -7.672

Type  : Slow 1100mV 0C Model Minimum Pulse Width 'Control_ALU[36]'
Slack : -0.110
TNS   : -1.407

Type  : Slow 1100mV 0C Model Minimum Pulse Width 'Control_ALU[12]'
Slack : -0.021
TNS   : -0.029

Type  : Slow 1100mV 0C Model Minimum Pulse Width 'Control_ALU[10]'
Slack : -0.003
TNS   : -0.006

Type  : Fast 1100mV 85C Model Setup 'Control_ALU[17]'
Slack : -5.899
TNS   : -163.637

Type  : Fast 1100mV 85C Model Setup 'Control_ALU[16]'
Slack : -5.713
TNS   : -239.843

Type  : Fast 1100mV 85C Model Setup 'Control_ALU[15]'
Slack : -5.698
TNS   : -157.205

Type  : Fast 1100mV 85C Model Setup 'Control_ALU[0]'
Slack : -5.309
TNS   : -269.319

Type  : Fast 1100mV 85C Model Setup 'Control_ALU[10]'
Slack : -4.728
TNS   : -358.411

Type  : Fast 1100mV 85C Model Setup 'Control_ALU[12]'
Slack : -4.177
TNS   : -316.943

Type  : Fast 1100mV 85C Model Setup 'Control_ALU[27]'
Slack : -2.906
TNS   : -121.752

Type  : Fast 1100mV 85C Model Setup 'Reloj'
Slack : -1.774
TNS   : -129.842

Type  : Fast 1100mV 85C Model Hold 'Control_ALU[15]'
Slack : -1.184
TNS   : -1.533

Type  : Fast 1100mV 85C Model Hold 'Control_ALU[16]'
Slack : -1.148
TNS   : -1.445

Type  : Fast 1100mV 85C Model Hold 'Control_ALU[17]'
Slack : -0.946
TNS   : -0.946

Type  : Fast 1100mV 85C Model Hold 'Control_ALU[27]'
Slack : -0.593
TNS   : -0.979

Type  : Fast 1100mV 85C Model Hold 'Control_ALU[12]'
Slack : 0.037
TNS   : 0.000

Type  : Fast 1100mV 85C Model Hold 'Reloj'
Slack : 0.222
TNS   : 0.000

Type  : Fast 1100mV 85C Model Hold 'Control_ALU[10]'
Slack : 0.301
TNS   : 0.000

Type  : Fast 1100mV 85C Model Hold 'Control_ALU[0]'
Slack : 1.466
TNS   : 0.000

Type  : Fast 1100mV 85C Model Minimum Pulse Width 'Control_ALU[27]'
Slack : -0.665
TNS   : -56.081

Type  : Fast 1100mV 85C Model Minimum Pulse Width 'Control_ALU[15]'
Slack : -0.567
TNS   : -46.388

Type  : Fast 1100mV 85C Model Minimum Pulse Width 'Control_ALU[17]'
Slack : -0.560
TNS   : -39.568

Type  : Fast 1100mV 85C Model Minimum Pulse Width 'Control_ALU[16]'
Slack : -0.525
TNS   : -38.810

Type  : Fast 1100mV 85C Model Minimum Pulse Width 'Control_ALU[12]'
Slack : -0.435
TNS   : -33.080

Type  : Fast 1100mV 85C Model Minimum Pulse Width 'Control_ALU[0]'
Slack : -0.393
TNS   : -33.804

Type  : Fast 1100mV 85C Model Minimum Pulse Width 'Control_ALU[10]'
Slack : -0.322
TNS   : -30.367

Type  : Fast 1100mV 85C Model Minimum Pulse Width 'Control_ALU[36]'
Slack : -0.267
TNS   : -13.498

Type  : Fast 1100mV 85C Model Minimum Pulse Width 'Reloj'
Slack : -0.058
TNS   : -5.382

Type  : Fast 1100mV 0C Model Setup 'Control_ALU[17]'
Slack : -5.286
TNS   : -147.618

Type  : Fast 1100mV 0C Model Setup 'Control_ALU[16]'
Slack : -5.092
TNS   : -210.388

Type  : Fast 1100mV 0C Model Setup 'Control_ALU[15]'
Slack : -5.089
TNS   : -141.314

Type  : Fast 1100mV 0C Model Setup 'Control_ALU[0]'
Slack : -4.595
TNS   : -234.237

Type  : Fast 1100mV 0C Model Setup 'Control_ALU[10]'
Slack : -4.021
TNS   : -310.321

Type  : Fast 1100mV 0C Model Setup 'Control_ALU[12]'
Slack : -3.613
TNS   : -270.344

Type  : Fast 1100mV 0C Model Setup 'Control_ALU[27]'
Slack : -2.432
TNS   : -102.819

Type  : Fast 1100mV 0C Model Setup 'Reloj'
Slack : -1.496
TNS   : -107.864

Type  : Fast 1100mV 0C Model Hold 'Control_ALU[15]'
Slack : -0.934
TNS   : -1.263

Type  : Fast 1100mV 0C Model Hold 'Control_ALU[16]'
Slack : -0.905
TNS   : -1.176

Type  : Fast 1100mV 0C Model Hold 'Control_ALU[17]'
Slack : -0.697
TNS   : -0.697

Type  : Fast 1100mV 0C Model Hold 'Control_ALU[27]'
Slack : -0.545
TNS   : -0.976

Type  : Fast 1100mV 0C Model Hold 'Control_ALU[12]'
Slack : -0.018
TNS   : -0.018

Type  : Fast 1100mV 0C Model Hold 'Reloj'
Slack : 0.209
TNS   : 0.000

Type  : Fast 1100mV 0C Model Hold 'Control_ALU[10]'
Slack : 0.262
TNS   : 0.000

Type  : Fast 1100mV 0C Model Hold 'Control_ALU[0]'
Slack : 1.326
TNS   : 0.000

Type  : Fast 1100mV 0C Model Minimum Pulse Width 'Control_ALU[27]'
Slack : -0.557
TNS   : -49.659

Type  : Fast 1100mV 0C Model Minimum Pulse Width 'Control_ALU[15]'
Slack : -0.501
TNS   : -41.838

Type  : Fast 1100mV 0C Model Minimum Pulse Width 'Control_ALU[17]'
Slack : -0.475
TNS   : -34.707

Type  : Fast 1100mV 0C Model Minimum Pulse Width 'Control_ALU[16]'
Slack : -0.451
TNS   : -33.953

Type  : Fast 1100mV 0C Model Minimum Pulse Width 'Control_ALU[12]'
Slack : -0.406
TNS   : -36.845

Type  : Fast 1100mV 0C Model Minimum Pulse Width 'Control_ALU[0]'
Slack : -0.348
TNS   : -30.146

Type  : Fast 1100mV 0C Model Minimum Pulse Width 'Control_ALU[10]'
Slack : -0.311
TNS   : -34.603

Type  : Fast 1100mV 0C Model Minimum Pulse Width 'Control_ALU[36]'
Slack : -0.244
TNS   : -12.418

Type  : Fast 1100mV 0C Model Minimum Pulse Width 'Reloj'
Slack : -0.060
TNS   : -5.595

------------------------------------------------------------
